----------------------------Core - Release----------------------------
---------------------------Engine - Release---------------------------
----------------------------Fire - Release----------------------------
---------------------------Editor - Release---------------------------
--------------------------UnrealEd - Release--------------------------
---------------------------IpDrv - Release----------------------------
----------------------------UWeb - Release----------------------------
--------------------------GamePlay - Release--------------------------
-------------------------UnrealGame - Release-------------------------
---------------------------XGame - Release----------------------------
-------------------------XInterface - Release-------------------------
---------------------------XAdmin - Release---------------------------
-------------------------XWebAdmin - Release--------------------------
---------------------------GUI2K4 - Release---------------------------
--------------------------xVoting - Release---------------------------
--------------------------UTV2004c - Release--------------------------
--------------------------UTV2004s - Release--------------------------
-------------------------ROEffects - Release--------------------------
--------------------------ROEngine - Release--------------------------
------------------------ROInterface - Release-------------------------
---------------------------Old2k4 - Release---------------------------
---------------------------KFMod - Release----------------------------
---------------------------KFChar - Release---------------------------
---------------------------KFGui - Release----------------------------
------------------------KFStoryGame - Release-------------------------
-------------------------KFStoryUI - Release--------------------------
-----------------------SideshowScript - Release-----------------------
-------------------------GoodKarma - Release--------------------------
-------------------------KFMutators - Release-------------------------
------------------------ScrnDoshGrab - Release------------------------
------------------------ServerPerks - Release-------------------------
--------------------ScrnVotingHandlerV4 - Release---------------------
----------------------KFBruteFinal_014 - Release----------------------
-------------------------Shiver014 - Release--------------------------
------------------------ScrnWPCBrute - Release------------------------
------------------------ScrnWPCJason - Release------------------------
-----------------------ScrnWPCShiver - Release------------------------
----------------------FemaleFPZED_v093 - Release----------------------
------------------------ScrnMonsters - Release------------------------
-----------------------ScrnZedManager - Release-----------------------
------------------------ScrnDoom3KF - Release-------------------------
-----------------------ScrnBalanceSrv - Release-----------------------
Analyzing...
Parsing TSCGameReplicationInfoBase
Parsing ScrnClientPerkRepLink
Parsing ScrnCustomPRI
Parsing ScrnCustomWeaponLink
Parsing ScrnPistolDamageProgress
Parsing ScrnPistolKillProgress
Parsing ScrnCustomProgressBytes
Parsing ScrnAchievements
Parsing Ach
Parsing ScrnBalance
Parsing ScrnMapAchievements
Parsing AchMaps
Parsing ScrnObjMapAchievements
Parsing AchObjMaps
Parsing ScrnBurnMech
Parsing StringReplicationInfo
Parsing ScrnStoryGameInfo
Parsing ScrnGameType
Parsing ScrnFireModeSwitchMessage
Parsing ScrnPlayerMessage
Parsing ScrnPlayerWarningMessage
Parsing KFVetEarnedMessageScrn
Parsing ScrnAchievementEarnedMsg
Parsing ScrnFakedAchMsg
Parsing ScrnBlamedMsg
Parsing TSCSharedMessages
Parsing ScrnTeamSayMessagePlus
Parsing ScrnSayMessagePlus
Parsing ScrnDeathMessage
Parsing ScrnScoreBoard
Parsing ScrnGameRules
Parsing ScrnVeterancyTypes
Parsing ScrnVetBerserker
Parsing ScrnVetBerserkerTest
Parsing ScrnVetCommando
Parsing ScrnVetTWI
Parsing ScrnVetDemolitions
Parsing ScrnVetFieldMedic
Parsing ScrnVetFirebug
Parsing ScrnVetFirebugTest
Parsing ScrnVetGunslinger
Parsing ScrnVetSharpshooter
Parsing ScrnVetSupportSpec
Parsing ScrnBalanceVoting
Parsing ScrnAchHandlerBase
Parsing ScrnAchHandler
Parsing ScrnPlayerInfo
Parsing ScrnHumanPawn
Parsing ScrnLaserDot
Parsing ScrnFlameNadeTrail
Parsing ScrnMedicNadeTrail
Parsing ScrnFlareCloud
Parsing ScrnNadeHealing
Parsing ScrnHRLAttachment
Parsing ScrnLaserAttachmentFirstPerson
Parsing ScrnDamTypeDualies
Parsing ScrnDamTypeSingle
Parsing ScrnDamTypeDualMK23Pistol
Parsing ScrnDamTypeMK23Pistol
Parsing ScrnDamTypeDual44Magnum
Parsing ScrnDamTypeMagnum44Pistol
Parsing ScrnDamTypeHuskGunProjectileImpact
Parsing ScrnDamTypeFlareProjectileImpact
Parsing ScrnDamTypeDualDeagle
Parsing ScrnDamTypeDeagle
Parsing ScrnDamTypeBullpup
Parsing ScrnDamTypeTrenchgun
Parsing ScrnDamTypeNailGun
Parsing ScrnDamTypeCrossbuzzsaw
Parsing ScrnDamTypeFNFALAssaultRifle
Parsing ScrnDamTypeM4AssaultRifle
Parsing ScrnDamTypeM4203AssaultRifle
Parsing ScrnDamTypeSCARMK17AssaultRifle
Parsing ScrnDamTypeSPThompson
Parsing ScrnDamTypeM14EBR
Parsing ScrnDamTypeSPSniper
Parsing ScrnDamTypeThompsonDrum
Parsing ScrnDamTypeAK47AssaultRifle
Parsing ScrnDamTypeCommandoBase
Parsing ScrnDamTypeCommando
Parsing ScrnDamTypeDefaultGunslingerBase
Parsing ScrnDamTypeDefaultGunslinger
Parsing ScrnDamTypeDefaultSupportBase
Parsing ScrnDamTypeSniperBase
Parsing ScrnDamTypeSniper
Parsing ScrnDamTypeChainsawAlt
Parsing ScrnDamTypeScythe
Parsing ScrnDamTypeZerkerBase
Parsing ScrnDamTypeHuskGun
Parsing ScrnDamTypeHuskGun_Alt
Parsing ScrnDamTypeDefaultFirebugBase
Parsing ScrnDamTypeDefaultDemoBase
Parsing ScrnPlayerController
Parsing ScrnDualFlareRevolverAmmo
Parsing ScrnFlareRevolverAmmo
Parsing ScrnFlameAmmo
Parsing ScrnBullpupAmmo
Parsing ScrnFNFALAmmo
Parsing ScrnHuskGunAmmo
Parsing ScrnLAWAmmo
Parsing ScrnHRLAmmo
Parsing ScrnThompsonDrumAmmo
Parsing ScrnCrossbuzzsawAmmo
Parsing ScrnBenelliAmmo
Parsing ScrnM7A3MAmmo
Parsing ScrnPipeBombAmmo
Parsing ScrnDual44MagnumAmmo
Parsing ScrnMagnum44Ammo
Parsing ScrnMP5MAmmo
Parsing ScrnMP7MAmmo
Parsing ScrnKSGAmmo
Parsing ScrnChainsawAmmo
Parsing ScrnM203MAmmo
Parsing ScrnM79IncAmmo
Parsing ScrnM79MAmmo
Parsing ScrnNailGunAmmo
Parsing ScrnSeekerSixAmmo
Parsing ScrnThompsonIncAmmo
Parsing ScrnDualFlareRevolver
Parsing ScrnDualDeagle
Parsing ScrnDual44Magnum
Parsing ScrnDual44MagnumLaser
Parsing ScrnDualMK23Pistol
Parsing ScrnDualMK23Laser
Parsing ScrnDualies
Parsing ScrnSyringe
Parsing ScrnChainsaw
Parsing ScrnKatana
Parsing ScrnClaymoreSword
Parsing ScrnScythe
Parsing ScrnAxe
Parsing ScrnMachete
Parsing ScrnBoomStick
Parsing ScrnLAW
Parsing ScrnHRL
Parsing ScrnBenelliShotgun
Parsing ScrnWinchester
Parsing ScrnM32GrenadeLauncher
Parsing ScrnTrenchgun
Parsing ScrnShotgun
Parsing ScrnM7A3MMedicGun
Parsing ScrnMP5MMedicGun
Parsing ScrnKrissMMedicGun
Parsing ScrnMP7MMedicGun
Parsing ScrnDeagle
Parsing ScrnSeekerSixRocketLauncher
Parsing ScrnM99SniperRifle
Parsing ScrnFlareRevolver
Parsing ScrnMagnum44Pistol
Parsing ScrnMK23Pistol
Parsing ScrnSingle
Parsing ScrnHuskGun
Parsing ScrnM14EBRBattleRifle
Parsing ScrnM79Inc
Parsing ScrnM79GrenadeLauncher
Parsing ScrnM79M
Parsing ScrnFlameThrower
Parsing ScrnFrag
Parsing ScrnAK47AssaultRifle
Parsing ScrnThompsonDrum
Parsing ScrnSPThompsonSMG
Parsing ScrnThompsonInc
Parsing ScrnM4203AssaultRifle
Parsing ScrnM4203MMedicGun
Parsing ScrnM4AssaultRifle
Parsing ScrnCrossbuzzsaw
Parsing ScrnKSGShotgun
Parsing ScrnZEDMKIIWeapon
Parsing ScrnAA12AutoShotgun
Parsing ScrnSCARMK17AssaultRifle
Parsing ScrnSPSniperRifle
Parsing ScrnFNFAL_ACOG_AssaultRifle
Parsing ScrnBullpup
Parsing ScrnMAC10MP
Parsing ScrnPipeBombExplosive
Parsing ScrnNailGun
Parsing ScrnBullpupAmmoPickup
Parsing ScrnThompsonDrumAmmoPickup
Parsing ScrnSeekerSixAmmoPickup
Parsing ScrnMP7MAmmoPickup
Parsing ScrnMP5MAmmoPickup
Parsing ScrnMagnum44AmmoPickup
Parsing ScrnDual44MagnumAmmoPickup
Parsing ScrnM7A3MAmmoPickup
Parsing ScrnLAWAmmoPickup
Parsing ScrnHRLAmmoPickup
Parsing ScrnHuskGunAmmoPickup
Parsing ScrnFNFALAmmoPickup
Parsing ScrnFlareRevolverAmmoPickup
Parsing ScrnDualFlareRevolverAmmoPickup
Parsing ScrnChainsawAmmoPickup
Parsing ScrnPipeBombAmmoPickup
Parsing ScrnCrossbuzzsawAmmoPickup
Parsing ScrnAmmoPickup
Parsing ScrnM203MAmmoPickup
Parsing ScrnM79IncAmmoPickup
Parsing ScrnM79MAmmoPickup
Parsing ScrnThompsonIncAmmoPickup
Parsing ScrnMK23Pickup
Parsing ScrnMagnum44Pickup
Parsing ScrnKrissMPickup
Parsing ScrnMP5MPickup
Parsing ScrnM7A3MPickup
Parsing ScrnMP7MPickup
Parsing ScrnFlareRevolverPickup
Parsing ScrnDeaglePickup
Parsing ScrnM4203Pickup
Parsing ScrnM4203MPickup
Parsing ScrnM4Pickup
Parsing ScrnFragPickup
Parsing ScrnBullpupPickup
Parsing ScrnBoomStickPickup
Parsing ScrnHuskGunPickup
Parsing ScrnAK47Pickup
Parsing ScrnSinglePickup
Parsing ScrnM79IncPickup
Parsing ScrnM79MPickup
Parsing ScrnM79Pickup
Parsing ScrnShotgunPickup
Parsing ScrnM32Pickup
Parsing ScrnDualiesPickup
Parsing ScrnFlameThrowerPickup
Parsing ScrnDualDeaglePickup
Parsing ScrnAA12Pickup
Parsing ScrnKatanaPickup
Parsing ScrnBenelliPickup
Parsing ScrnKSGPickup
Parsing ScrnWinchesterPickup
Parsing ScrnChainsawPickup
Parsing ScrnSCARMK17Pickup
Parsing ScrnMachetePickup
Parsing ScrnSeekerSixPickup
Parsing ScrnPipeBombPickup
Parsing ScrnLAWPickup
Parsing ScrnHRLPickup
Parsing ScrnAxePickup
Parsing ScrnCrossbuzzsawPickup
Parsing ScrnThompsonDrumPickup
Parsing ScrnThompsonIncPickup
Parsing ScrnTrenchgunPickup
Parsing ScrnSPThompsonPickup
Parsing ScrnClaymoreSwordPickup
Parsing ScrnSPSniperPickup
Parsing ScrnScythePickup
Parsing ScrnM14EBRPickup
Parsing ScrnM99Pickup
Parsing ScrnMAC10Pickup
Parsing ScrnDual44MagnumPickup
Parsing ScrnDual44MagnumLaserPickup
Parsing ScrnDualFlareRevolverPickup
Parsing ScrnFNFAL_ACOG_Pickup
Parsing ScrnDualMK23Pickup
Parsing ScrnDualMK23LaserPickup
Parsing ScrnNailGunPickup
Parsing ScrnZEDMKIIPickup
Parsing ScrnSyringePickup
Parsing ScrnVestPickup
Parsing ScrnCombatVestPickup
Parsing ScrnHorzineVestPickup
Parsing ScrnLightVestPickup
Parsing ScrnNoVestPickup
Parsing ScrnHUD
Parsing ScrnFlareRevolverProjectile
Parsing ScrnHuskGunProjectile
Parsing ScrnHuskGunProjectile_Strong
Parsing ScrnHuskGunProjectile_Alt
Parsing ScrnHuskGunProjectile_Weak
Parsing ScrnS6SeekingRocket
Parsing ScrnS6Rocket
Parsing ScrnZEDMKIISecondaryProjectile
Parsing ScrnLAWProj
Parsing ScrnHRLProj
Parsing ScrnCrossbuzzsawBlade
Parsing ScrnM32GrenadeProjectile
Parsing ScrnM203GrenadeProjectile
Parsing ScrnM79MGrenadeProjectile
Parsing ScrnFakedHealingGrenade
Parsing ScrnM203MGrenadeProjectile
Parsing ScrnM79GrenadeProjectile
Parsing ScrnM79IncGrenadeProjectile
Parsing ScrnHealingProjectile
Parsing ScrnMP7MHealingProjectile
Parsing ScrnKrissMHealingProjectile
Parsing ScrnM7A3MHealingProjectile
Parsing ScrnMP5MHealingProjectile
Parsing ScrnFlameNade
Parsing ScrnNade
Parsing ScrnM99Bullet
Parsing ScrnFlameTendril
Parsing ScrnCustomShotgunBullet
Parsing ScrnAA12Bullet
Parsing ScrnBenelliBullet
Parsing ScrnBoomStickBullet
Parsing ScrnKSGBullet
Parsing ScrnNailGunProjectile
Parsing ScrnShotgunBullet
Parsing ScrnPipeBombProjectile
Parsing ScrnTrenchgunBullet
Parsing TSCTeamBase
Parsing ScrnNailBodyAttacher
Parsing ScrnRandomItemSpawn
Parsing ScrnLaserBeamEffect
Parsing ScrnFragFire
Parsing ScrnHuskGunFire
Parsing ScrnHuskGunAltFire
Parsing ScrnDualFlareRevolverFire
Parsing ScrnSeekerSixMultiFire
Parsing ScrnSeekerSixFire
Parsing ScrnFlameBurstFire
Parsing ScrnBoomStickFire
Parsing ScrnAA12Fire
Parsing ScrnKSGFire
Parsing ScrnBenelliFire
Parsing ScrnM7A3MAltFire
Parsing ScrnMP5MAltFire
Parsing ScrnKrissMAltFire
Parsing ScrnMP7MAltFire
Parsing ScrnZEDMKIIAltFire
Parsing ScrnBoomStickAltFire
Parsing ScrnLAWFire
Parsing ScrnHRLFire
Parsing ScrnM79Fire
Parsing ScrnM79IncFire
Parsing ScrnM79MFire
Parsing ScrnM32Fire
Parsing ScrnNailGunFire
Parsing ScrnFlareRevolverFire
Parsing ScrnCrossbuzzsawFire
Parsing ScrnTrenchgunFire
Parsing ScrnM203Fire
Parsing ScrnM203MFire
Parsing ScrnShotgunFire
Parsing ScrnM99Fire
Parsing ScrnPipeBombFire
Parsing ScrnMAC10Fire
Parsing ScrnM4Fire
Parsing ScrnM4203BulletFire
Parsing ScrnM4203MBulletFire
Parsing ScrnKrissMFire
Parsing ScrnMP5MFire
Parsing ScrnFNFALFire
Parsing ScrnSPThompsonFire
Parsing ScrnThompsonDrumFire
Parsing ScrnThompsonIncFire
Parsing ScrnMP7MFire
Parsing ScrnDual44MagnumFire
Parsing ScrnDualDeagleFire
Parsing ScrnDualMK23Fire
Parsing ScrnDualiesFire
Parsing ScrnMK23Fire
Parsing ScrnMagnum44Fire
Parsing ScrnDeagleFire
Parsing ScrnAK47Fire
Parsing ScrnWinchesterFire
Parsing ScrnSCARMK17Fire
Parsing ScrnBullpupFire
Parsing ScrnSPSniperFire
Parsing ScrnM14EBRFire
Parsing ScrnM7A3MFire
Parsing ScrnSingleFire
Parsing ScrnChainsawFire
Parsing ScrnMacheteFire
Parsing ScrnKatanaFire
Parsing ScrnChainsawAltFire
Parsing ScrnScytheFire
Parsing ScrnClaymoreSwordFire
Parsing ScrnAxeFire
Parsing ScrnMacheteFireB
Parsing ScrnAxeFireB
Parsing ScrnSyringeFire
Parsing ScrnSyringeAltFire
Parsing ScrnTab_UserSettings
Parsing ScrnTab_MidGamePerks
Parsing ScrnTab_BuyMenu
Parsing ScrnTab_Profile
Parsing ScrnKFTab_Perks
Parsing ScrnTab_Achievements
Parsing ScrnGUIBuyWeaponInfoPanel
Parsing ScrnLobbyFooter
Parsing ScrnLobbyMenu
Parsing ScrnGuiBuyMenu
Parsing ScrnModelSelect
Parsing ScrnInvasionLoginMenu
Parsing ScrnProfilePage
Parsing ScrnBuyMenuInvListBox
Parsing ScrnPerkSelectListBox
Parsing ScrnBuyMenuSaleListBox
Parsing ScrnAchievementsListBox
Parsing ScrnKFQuickPerkSelect
Parsing ScrnGUIWeaponBar
Parsing ScrnBuyMenuInvList
Parsing ScrnBuyMenuSaleList
Parsing ScrnPerkSelectList
Parsing ScrnAchievementsList
Parsing ScrnKeyBinding
Parsing DefaultMonstersCollectionXmas
Parsing DefaultMonstersCollectionSummer
Parsing DefaultMonstersCollectionHalloween
Parsing DefaultMonstersCollection
Parsing Doom3MonstersCollection
Parsing ScrnFunctions
Compiling TSCGameReplicationInfoBase
Compiling ScrnClientPerkRepLink
Compiling ScrnCustomPRI
Compiling ScrnCustomWeaponLink
Compiling ScrnPistolDamageProgress
Compiling ScrnPistolKillProgress
Compiling ScrnCustomProgressBytes
Compiling ScrnAchievements
Compiling Ach
Compiling ScrnMapAchievements
Compiling AchMaps
Compiling ScrnObjMapAchievements
Compiling AchObjMaps
Compiling ScrnBurnMech
Compiling StringReplicationInfo
Compiling ScrnBalance
Compiling ScrnStoryGameInfo
Compiling ScrnGameType
Compiling ScrnFireModeSwitchMessage
Compiling ScrnPlayerMessage
Compiling ScrnPlayerWarningMessage
Compiling KFVetEarnedMessageScrn
Compiling ScrnAchievementEarnedMsg
Compiling ScrnFakedAchMsg
Compiling ScrnBlamedMsg
Compiling TSCSharedMessages
Compiling ScrnTeamSayMessagePlus
Compiling ScrnSayMessagePlus
Compiling ScrnDeathMessage
Compiling ScrnScoreBoard
Compiling ScrnGameRules
Compiling ScrnVeterancyTypes
Compiling ScrnVetBerserker
Compiling ScrnVetBerserkerTest
Compiling ScrnVetCommando
Compiling ScrnVetTWI
Compiling ScrnVetDemolitions
Compiling ScrnVetFieldMedic
Compiling ScrnVetFirebug
Compiling ScrnVetFirebugTest
Compiling ScrnVetGunslinger
Compiling ScrnVetSharpshooter
Compiling ScrnVetSupportSpec
Compiling ScrnBalanceVoting
Compiling ScrnAchHandlerBase
Compiling ScrnAchHandler
Compiling ScrnPlayerInfo
Compiling ScrnHumanPawn
Compiling ScrnLaserDot
Compiling ScrnFlameNadeTrail
Compiling ScrnMedicNadeTrail
Compiling ScrnFlareCloud
Compiling ScrnNadeHealing
Compiling ScrnHRLAttachment
Compiling ScrnLaserAttachmentFirstPerson
Compiling ScrnDamTypeDualies
Compiling ScrnDamTypeSingle
Compiling ScrnDamTypeDualMK23Pistol
Compiling ScrnDamTypeMK23Pistol
Compiling ScrnDamTypeDual44Magnum
Compiling ScrnDamTypeMagnum44Pistol
Compiling ScrnDamTypeHuskGunProjectileImpact
Compiling ScrnDamTypeFlareProjectileImpact
Compiling ScrnDamTypeDualDeagle
Compiling ScrnDamTypeDeagle
Compiling ScrnDamTypeBullpup
Compiling ScrnDamTypeTrenchgun
Compiling ScrnDamTypeNailGun
Compiling ScrnDamTypeCrossbuzzsaw
Compiling ScrnDamTypeFNFALAssaultRifle
Compiling ScrnDamTypeM4AssaultRifle
Compiling ScrnDamTypeM4203AssaultRifle
Compiling ScrnDamTypeSCARMK17AssaultRifle
Compiling ScrnDamTypeSPThompson
Compiling ScrnDamTypeM14EBR
Compiling ScrnDamTypeSPSniper
Compiling ScrnDamTypeThompsonDrum
Compiling ScrnDamTypeAK47AssaultRifle
Compiling ScrnDamTypeCommandoBase
Compiling ScrnDamTypeCommando
Compiling ScrnDamTypeDefaultGunslingerBase
Compiling ScrnDamTypeDefaultGunslinger
Compiling ScrnDamTypeDefaultSupportBase
Compiling ScrnDamTypeSniperBase
Compiling ScrnDamTypeSniper
Compiling ScrnDamTypeChainsawAlt
Compiling ScrnDamTypeScythe
Compiling ScrnDamTypeZerkerBase
Compiling ScrnDamTypeHuskGun
Compiling ScrnDamTypeHuskGun_Alt
Compiling ScrnDamTypeDefaultFirebugBase
Compiling ScrnDamTypeDefaultDemoBase
Compiling ScrnPlayerController
Compiling ScrnDualFlareRevolverAmmo
Compiling ScrnFlareRevolverAmmo
Compiling ScrnFlameAmmo
Compiling ScrnBullpupAmmo
Compiling ScrnFNFALAmmo
Compiling ScrnHuskGunAmmo
Compiling ScrnLAWAmmo
Compiling ScrnHRLAmmo
Compiling ScrnThompsonDrumAmmo
Compiling ScrnCrossbuzzsawAmmo
Compiling ScrnBenelliAmmo
Compiling ScrnM7A3MAmmo
Compiling ScrnPipeBombAmmo
Compiling ScrnDual44MagnumAmmo
Compiling ScrnMagnum44Ammo
Compiling ScrnMP5MAmmo
Compiling ScrnMP7MAmmo
Compiling ScrnKSGAmmo
Compiling ScrnChainsawAmmo
Compiling ScrnM203MAmmo
Compiling ScrnM79IncAmmo
Compiling ScrnM79MAmmo
Compiling ScrnNailGunAmmo
Compiling ScrnSeekerSixAmmo
Compiling ScrnThompsonIncAmmo
Compiling ScrnDualFlareRevolver
Compiling ScrnDualDeagle
Compiling ScrnDual44Magnum
Compiling ScrnDual44MagnumLaser
Compiling ScrnDualMK23Pistol
Compiling ScrnDualMK23Laser
Compiling ScrnDualies
Compiling ScrnSyringe
Compiling ScrnChainsaw
Compiling ScrnKatana
Compiling ScrnClaymoreSword
Compiling ScrnScythe
Compiling ScrnAxe
Compiling ScrnMachete
Compiling ScrnBoomStick
Compiling ScrnLAW
Compiling ScrnHRL
Compiling ScrnBenelliShotgun
Compiling ScrnWinchester
Compiling ScrnM32GrenadeLauncher
Compiling ScrnTrenchgun
Compiling ScrnShotgun
Compiling ScrnM7A3MMedicGun
Compiling ScrnMP5MMedicGun
Compiling ScrnKrissMMedicGun
Compiling ScrnMP7MMedicGun
Compiling ScrnDeagle
Compiling ScrnSeekerSixRocketLauncher
Compiling ScrnM99SniperRifle
Compiling ScrnFlareRevolver
Compiling ScrnMagnum44Pistol
Compiling ScrnMK23Pistol
Compiling ScrnSingle
Compiling ScrnHuskGun
Compiling ScrnM14EBRBattleRifle
Compiling ScrnM79Inc
Compiling ScrnM79GrenadeLauncher
Compiling ScrnM79M
Compiling ScrnFlameThrower
Compiling ScrnFrag
Compiling ScrnAK47AssaultRifle
Compiling ScrnThompsonDrum
Compiling ScrnSPThompsonSMG
Compiling ScrnThompsonInc
Compiling ScrnM4203AssaultRifle
Compiling ScrnM4203MMedicGun
Compiling ScrnM4AssaultRifle
Compiling ScrnCrossbuzzsaw
Compiling ScrnKSGShotgun
Compiling ScrnZEDMKIIWeapon
Compiling ScrnAA12AutoShotgun
Compiling ScrnSCARMK17AssaultRifle
Compiling ScrnSPSniperRifle
Compiling ScrnFNFAL_ACOG_AssaultRifle
Compiling ScrnBullpup
Compiling ScrnMAC10MP
Compiling ScrnPipeBombExplosive
Compiling ScrnNailGun
Compiling ScrnBullpupAmmoPickup
Compiling ScrnThompsonDrumAmmoPickup
Compiling ScrnSeekerSixAmmoPickup
Compiling ScrnMP7MAmmoPickup
Compiling ScrnMP5MAmmoPickup
Compiling ScrnMagnum44AmmoPickup
Compiling ScrnDual44MagnumAmmoPickup
Compiling ScrnM7A3MAmmoPickup
Compiling ScrnLAWAmmoPickup
Compiling ScrnHRLAmmoPickup
Compiling ScrnHuskGunAmmoPickup
Compiling ScrnFNFALAmmoPickup
Compiling ScrnFlareRevolverAmmoPickup
Compiling ScrnDualFlareRevolverAmmoPickup
Compiling ScrnChainsawAmmoPickup
Compiling ScrnPipeBombAmmoPickup
Compiling ScrnCrossbuzzsawAmmoPickup
Compiling ScrnAmmoPickup
Compiling ScrnM203MAmmoPickup
Compiling ScrnM79IncAmmoPickup
Compiling ScrnM79MAmmoPickup
Compiling ScrnThompsonIncAmmoPickup
Compiling ScrnMK23Pickup
Compiling ScrnMagnum44Pickup
Compiling ScrnKrissMPickup
Compiling ScrnMP5MPickup
Compiling ScrnM7A3MPickup
Compiling ScrnMP7MPickup
Compiling ScrnFlareRevolverPickup
Compiling ScrnDeaglePickup
Compiling ScrnM4203Pickup
Compiling ScrnM4203MPickup
Compiling ScrnM4Pickup
Compiling ScrnFragPickup
Compiling ScrnBullpupPickup
Compiling ScrnBoomStickPickup
Compiling ScrnHuskGunPickup
Compiling ScrnAK47Pickup
Compiling ScrnSinglePickup
Compiling ScrnM79IncPickup
Compiling ScrnM79MPickup
Compiling ScrnM79Pickup
Compiling ScrnShotgunPickup
Compiling ScrnM32Pickup
Compiling ScrnDualiesPickup
Compiling ScrnFlameThrowerPickup
Compiling ScrnDualDeaglePickup
Compiling ScrnAA12Pickup
Compiling ScrnKatanaPickup
Compiling ScrnBenelliPickup
Compiling ScrnKSGPickup
Compiling ScrnWinchesterPickup
Compiling ScrnChainsawPickup
Compiling ScrnSCARMK17Pickup
Compiling ScrnMachetePickup
Compiling ScrnSeekerSixPickup
Compiling ScrnPipeBombPickup
Compiling ScrnLAWPickup
Compiling ScrnHRLPickup
Compiling ScrnAxePickup
Compiling ScrnCrossbuzzsawPickup
Compiling ScrnThompsonDrumPickup
Compiling ScrnThompsonIncPickup
Compiling ScrnTrenchgunPickup
Compiling ScrnSPThompsonPickup
Compiling ScrnClaymoreSwordPickup
Compiling ScrnSPSniperPickup
Compiling ScrnScythePickup
Compiling ScrnM14EBRPickup
Compiling ScrnM99Pickup
Compiling ScrnMAC10Pickup
Compiling ScrnDual44MagnumPickup
Compiling ScrnDual44MagnumLaserPickup
Compiling ScrnDualFlareRevolverPickup
Compiling ScrnFNFAL_ACOG_Pickup
Compiling ScrnDualMK23Pickup
Compiling ScrnDualMK23LaserPickup
Compiling ScrnNailGunPickup
Compiling ScrnZEDMKIIPickup
Compiling ScrnSyringePickup
Compiling ScrnVestPickup
Compiling ScrnCombatVestPickup
Compiling ScrnHorzineVestPickup
Compiling ScrnLightVestPickup
Compiling ScrnNoVestPickup
Compiling ScrnHUD
Compiling ScrnFlareRevolverProjectile
Compiling ScrnHuskGunProjectile
Compiling ScrnHuskGunProjectile_Strong
Compiling ScrnHuskGunProjectile_Alt
Compiling ScrnHuskGunProjectile_Weak
Compiling ScrnS6SeekingRocket
Compiling ScrnS6Rocket
Compiling ScrnZEDMKIISecondaryProjectile
Compiling ScrnLAWProj
Compiling ScrnHRLProj
Compiling ScrnCrossbuzzsawBlade
Compiling ScrnM32GrenadeProjectile
Compiling ScrnM203GrenadeProjectile
Compiling ScrnM79MGrenadeProjectile
Compiling ScrnFakedHealingGrenade
Compiling ScrnM203MGrenadeProjectile
Compiling ScrnM79GrenadeProjectile
Compiling ScrnM79IncGrenadeProjectile
Compiling ScrnHealingProjectile
Compiling ScrnMP7MHealingProjectile
Compiling ScrnKrissMHealingProjectile
Compiling ScrnM7A3MHealingProjectile
Compiling ScrnMP5MHealingProjectile
Compiling ScrnFlameNade
Compiling ScrnNade
Compiling ScrnM99Bullet
Compiling ScrnFlameTendril
Compiling ScrnCustomShotgunBullet
Compiling ScrnAA12Bullet
Compiling ScrnBenelliBullet
Compiling ScrnBoomStickBullet
Compiling ScrnKSGBullet
Compiling ScrnNailGunProjectile
Compiling ScrnShotgunBullet
Compiling ScrnPipeBombProjectile
Compiling ScrnTrenchgunBullet
Compiling TSCTeamBase
Compiling ScrnNailBodyAttacher
Compiling ScrnRandomItemSpawn
Compiling ScrnLaserBeamEffect
Compiling ScrnFragFire
Compiling ScrnHuskGunFire
Compiling ScrnHuskGunAltFire
Compiling ScrnDualFlareRevolverFire
Compiling ScrnSeekerSixMultiFire
Compiling ScrnSeekerSixFire
Compiling ScrnFlameBurstFire
Compiling ScrnBoomStickFire
Compiling ScrnAA12Fire
Compiling ScrnKSGFire
Compiling ScrnBenelliFire
Compiling ScrnM7A3MAltFire
Compiling ScrnMP5MAltFire
Compiling ScrnKrissMAltFire
Compiling ScrnMP7MAltFire
Compiling ScrnZEDMKIIAltFire
Compiling ScrnBoomStickAltFire
Compiling ScrnLAWFire
Compiling ScrnHRLFire
Compiling ScrnM79Fire
Compiling ScrnM79IncFire
Compiling ScrnM79MFire
Compiling ScrnM32Fire
Compiling ScrnNailGunFire
Compiling ScrnFlareRevolverFire
Compiling ScrnCrossbuzzsawFire
Compiling ScrnTrenchgunFire
Compiling ScrnM203Fire
Compiling ScrnM203MFire
Compiling ScrnShotgunFire
Compiling ScrnM99Fire
Compiling ScrnPipeBombFire
Compiling ScrnMAC10Fire
Compiling ScrnM4Fire
Compiling ScrnM4203BulletFire
Compiling ScrnM4203MBulletFire
Compiling ScrnKrissMFire
Compiling ScrnMP5MFire
Compiling ScrnFNFALFire
Compiling ScrnSPThompsonFire
Compiling ScrnThompsonDrumFire
Compiling ScrnThompsonIncFire
Compiling ScrnMP7MFire
Compiling ScrnDual44MagnumFire
Compiling ScrnDualDeagleFire
Compiling ScrnDualMK23Fire
Compiling ScrnDualiesFire
Compiling ScrnMK23Fire
Compiling ScrnMagnum44Fire
Compiling ScrnDeagleFire
Compiling ScrnAK47Fire
Compiling ScrnWinchesterFire
Compiling ScrnSCARMK17Fire
Compiling ScrnBullpupFire
Compiling ScrnSPSniperFire
Compiling ScrnM14EBRFire
Compiling ScrnM7A3MFire
Compiling ScrnSingleFire
Compiling ScrnChainsawFire
Compiling ScrnMacheteFire
Compiling ScrnKatanaFire
Compiling ScrnChainsawAltFire
Compiling ScrnScytheFire
Compiling ScrnClaymoreSwordFire
Compiling ScrnAxeFire
Compiling ScrnMacheteFireB
Compiling ScrnAxeFireB
Compiling ScrnSyringeFire
Compiling ScrnSyringeAltFire
Compiling ScrnTab_UserSettings
Compiling ScrnTab_MidGamePerks
Compiling ScrnTab_BuyMenu
Compiling ScrnTab_Profile
Compiling ScrnKFTab_Perks
Compiling ScrnTab_Achievements
Compiling ScrnGUIBuyWeaponInfoPanel
Compiling ScrnLobbyFooter
Compiling ScrnLobbyMenu
Compiling ScrnGuiBuyMenu
Compiling ScrnModelSelect
Compiling ScrnInvasionLoginMenu
Compiling ScrnProfilePage
Compiling ScrnBuyMenuInvListBox
Compiling ScrnPerkSelectListBox
Compiling ScrnBuyMenuSaleListBox
Compiling ScrnAchievementsListBox
Compiling ScrnKFQuickPerkSelect
Compiling ScrnGUIWeaponBar
Compiling ScrnBuyMenuInvList
Compiling ScrnBuyMenuSaleList
Compiling ScrnPerkSelectList
Compiling ScrnAchievementsList
Compiling ScrnKeyBinding
Compiling DefaultMonstersCollectionXmas
Compiling DefaultMonstersCollectionSummer
Compiling DefaultMonstersCollectionHalloween
Compiling DefaultMonstersCollection
Compiling Doom3MonstersCollection
Compiling ScrnFunctions
Importing Defaults for TSCGameReplicationInfoBase
Importing Defaults for ScrnClientPerkRepLink
Importing Defaults for ScrnCustomPRI
Importing Defaults for ScrnCustomWeaponLink
Importing Defaults for ScrnPistolDamageProgress
Importing Defaults for ScrnPistolKillProgress
Importing Defaults for ScrnCustomProgressBytes
Importing Defaults for ScrnAchievements
Importing Defaults for Ach
Importing Defaults for ScrnMapAchievements
Importing Defaults for AchMaps
Importing Defaults for ScrnObjMapAchievements
Importing Defaults for AchObjMaps
Importing Defaults for ScrnBurnMech
Importing Defaults for StringReplicationInfo
Importing Defaults for ScrnBalance
Importing Defaults for ScrnStoryGameInfo
Importing Defaults for ScrnGameType
Importing Defaults for ScrnFireModeSwitchMessage
Importing Defaults for ScrnPlayerMessage
Importing Defaults for ScrnPlayerWarningMessage
Importing Defaults for KFVetEarnedMessageScrn
Importing Defaults for ScrnAchievementEarnedMsg
Importing Defaults for ScrnFakedAchMsg
Importing Defaults for ScrnBlamedMsg
Importing Defaults for TSCSharedMessages
Importing Defaults for ScrnTeamSayMessagePlus
Importing Defaults for ScrnSayMessagePlus
Importing Defaults for ScrnDeathMessage
Importing Defaults for ScrnScoreBoard
Importing Defaults for ScrnGameRules
Importing Defaults for ScrnVeterancyTypes
Importing Defaults for ScrnVetBerserker
Importing Defaults for ScrnVetBerserkerTest
Importing Defaults for ScrnVetCommando
Importing Defaults for ScrnVetTWI
Importing Defaults for ScrnVetDemolitions
Importing Defaults for ScrnVetFieldMedic
Importing Defaults for ScrnVetFirebug
Importing Defaults for ScrnVetFirebugTest
Importing Defaults for ScrnVetGunslinger
Importing Defaults for ScrnVetSharpshooter
Importing Defaults for ScrnVetSupportSpec
Importing Defaults for ScrnBalanceVoting
Importing Defaults for ScrnAchHandlerBase
Importing Defaults for ScrnAchHandler
Importing Defaults for ScrnPlayerInfo
Importing Defaults for ScrnHumanPawn
Importing Defaults for ScrnLaserDot
Importing Defaults for ScrnFlameNadeTrail
Importing Defaults for ScrnMedicNadeTrail
Importing Defaults for ScrnFlareCloud
Importing Defaults for ScrnNadeHealing
Importing Defaults for ScrnHRLAttachment
Importing Defaults for ScrnLaserAttachmentFirstPerson
Importing Defaults for ScrnDamTypeDualies
Importing Defaults for ScrnDamTypeSingle
Importing Defaults for ScrnDamTypeDualMK23Pistol
Importing Defaults for ScrnDamTypeMK23Pistol
Importing Defaults for ScrnDamTypeDual44Magnum
Importing Defaults for ScrnDamTypeMagnum44Pistol
Importing Defaults for ScrnDamTypeHuskGunProjectileImpact
Importing Defaults for ScrnDamTypeFlareProjectileImpact
Importing Defaults for ScrnDamTypeDualDeagle
Importing Defaults for ScrnDamTypeDeagle
Importing Defaults for ScrnDamTypeBullpup
Importing Defaults for ScrnDamTypeTrenchgun
Importing Defaults for ScrnDamTypeNailGun
Importing Defaults for ScrnDamTypeCrossbuzzsaw
Importing Defaults for ScrnDamTypeFNFALAssaultRifle
Importing Defaults for ScrnDamTypeM4AssaultRifle
Importing Defaults for ScrnDamTypeM4203AssaultRifle
Importing Defaults for ScrnDamTypeSCARMK17AssaultRifle
Importing Defaults for ScrnDamTypeSPThompson
Importing Defaults for ScrnDamTypeM14EBR
Importing Defaults for ScrnDamTypeSPSniper
Importing Defaults for ScrnDamTypeThompsonDrum
Importing Defaults for ScrnDamTypeAK47AssaultRifle
Importing Defaults for ScrnDamTypeCommandoBase
Importing Defaults for ScrnDamTypeCommando
Importing Defaults for ScrnDamTypeDefaultGunslingerBase
Importing Defaults for ScrnDamTypeDefaultGunslinger
Importing Defaults for ScrnDamTypeDefaultSupportBase
Importing Defaults for ScrnDamTypeSniperBase
Importing Defaults for ScrnDamTypeSniper
Importing Defaults for ScrnDamTypeChainsawAlt
Importing Defaults for ScrnDamTypeScythe
Importing Defaults for ScrnDamTypeZerkerBase
Importing Defaults for ScrnDamTypeHuskGun
Importing Defaults for ScrnDamTypeHuskGun_Alt
Importing Defaults for ScrnDamTypeDefaultFirebugBase
Importing Defaults for ScrnDamTypeDefaultDemoBase
Importing Defaults for ScrnPlayerController
Importing Defaults for ScrnDualFlareRevolverAmmo
Importing Defaults for ScrnFlareRevolverAmmo
Importing Defaults for ScrnFlameAmmo
Importing Defaults for ScrnBullpupAmmo
Importing Defaults for ScrnFNFALAmmo
Importing Defaults for ScrnHuskGunAmmo
Importing Defaults for ScrnLAWAmmo
Importing Defaults for ScrnHRLAmmo
Importing Defaults for ScrnThompsonDrumAmmo
Importing Defaults for ScrnCrossbuzzsawAmmo
Importing Defaults for ScrnBenelliAmmo
Importing Defaults for ScrnM7A3MAmmo
Importing Defaults for ScrnPipeBombAmmo
Importing Defaults for ScrnDual44MagnumAmmo
Importing Defaults for ScrnMagnum44Ammo
Importing Defaults for ScrnMP5MAmmo
Importing Defaults for ScrnMP7MAmmo
Importing Defaults for ScrnKSGAmmo
Importing Defaults for ScrnChainsawAmmo
Importing Defaults for ScrnM203MAmmo
Importing Defaults for ScrnM79IncAmmo
Importing Defaults for ScrnM79MAmmo
Importing Defaults for ScrnNailGunAmmo
Importing Defaults for ScrnSeekerSixAmmo
Importing Defaults for ScrnThompsonIncAmmo
Importing Defaults for ScrnDualFlareRevolver
Importing Defaults for ScrnDualDeagle
Importing Defaults for ScrnDual44Magnum
Importing Defaults for ScrnDual44MagnumLaser
Importing Defaults for ScrnDualMK23Pistol
Importing Defaults for ScrnDualMK23Laser
Importing Defaults for ScrnDualies
Importing Defaults for ScrnSyringe
Importing Defaults for ScrnChainsaw
Importing Defaults for ScrnKatana
Importing Defaults for ScrnClaymoreSword
Importing Defaults for ScrnScythe
Importing Defaults for ScrnAxe
Importing Defaults for ScrnMachete
Importing Defaults for ScrnBoomStick
Importing Defaults for ScrnLAW
Importing Defaults for ScrnHRL
Importing Defaults for ScrnBenelliShotgun
Importing Defaults for ScrnWinchester
Importing Defaults for ScrnM32GrenadeLauncher
Importing Defaults for ScrnTrenchgun
Importing Defaults for ScrnShotgun
Importing Defaults for ScrnM7A3MMedicGun
Importing Defaults for ScrnMP5MMedicGun
Importing Defaults for ScrnKrissMMedicGun
Importing Defaults for ScrnMP7MMedicGun
Importing Defaults for ScrnDeagle
Importing Defaults for ScrnSeekerSixRocketLauncher
Importing Defaults for ScrnM99SniperRifle
Importing Defaults for ScrnFlareRevolver
Importing Defaults for ScrnMagnum44Pistol
Importing Defaults for ScrnMK23Pistol
Importing Defaults for ScrnSingle
Importing Defaults for ScrnHuskGun
Importing Defaults for ScrnM14EBRBattleRifle
Importing Defaults for ScrnM79Inc
Importing Defaults for ScrnM79GrenadeLauncher
Importing Defaults for ScrnM79M
Importing Defaults for ScrnFlameThrower
Importing Defaults for ScrnFrag
Importing Defaults for ScrnAK47AssaultRifle
Importing Defaults for ScrnThompsonDrum
Importing Defaults for ScrnSPThompsonSMG
Importing Defaults for ScrnThompsonInc
Importing Defaults for ScrnM4203AssaultRifle
Importing Defaults for ScrnM4203MMedicGun
Importing Defaults for ScrnM4AssaultRifle
Importing Defaults for ScrnCrossbuzzsaw
Importing Defaults for ScrnKSGShotgun
Importing Defaults for ScrnZEDMKIIWeapon
Importing Defaults for ScrnAA12AutoShotgun
Importing Defaults for ScrnSCARMK17AssaultRifle
Importing Defaults for ScrnSPSniperRifle
Importing Defaults for ScrnFNFAL_ACOG_AssaultRifle
Importing Defaults for ScrnBullpup
Importing Defaults for ScrnMAC10MP
Importing Defaults for ScrnPipeBombExplosive
Importing Defaults for ScrnNailGun
Importing Defaults for ScrnBullpupAmmoPickup
Importing Defaults for ScrnThompsonDrumAmmoPickup
Importing Defaults for ScrnSeekerSixAmmoPickup
Importing Defaults for ScrnMP7MAmmoPickup
Importing Defaults for ScrnMP5MAmmoPickup
Importing Defaults for ScrnMagnum44AmmoPickup
Importing Defaults for ScrnDual44MagnumAmmoPickup
Importing Defaults for ScrnM7A3MAmmoPickup
Importing Defaults for ScrnLAWAmmoPickup
Importing Defaults for ScrnHRLAmmoPickup
Importing Defaults for ScrnHuskGunAmmoPickup
Importing Defaults for ScrnFNFALAmmoPickup
Importing Defaults for ScrnFlareRevolverAmmoPickup
Importing Defaults for ScrnDualFlareRevolverAmmoPickup
Importing Defaults for ScrnChainsawAmmoPickup
Importing Defaults for ScrnPipeBombAmmoPickup
Importing Defaults for ScrnCrossbuzzsawAmmoPickup
Importing Defaults for ScrnAmmoPickup
Importing Defaults for ScrnM203MAmmoPickup
Importing Defaults for ScrnM79IncAmmoPickup
Importing Defaults for ScrnM79MAmmoPickup
Importing Defaults for ScrnThompsonIncAmmoPickup
Importing Defaults for ScrnMK23Pickup
Importing Defaults for ScrnMagnum44Pickup
Importing Defaults for ScrnKrissMPickup
Importing Defaults for ScrnMP5MPickup
Importing Defaults for ScrnM7A3MPickup
Importing Defaults for ScrnMP7MPickup
Importing Defaults for ScrnFlareRevolverPickup
Importing Defaults for ScrnDeaglePickup
Importing Defaults for ScrnM4203Pickup
Importing Defaults for ScrnM4203MPickup
Importing Defaults for ScrnM4Pickup
Importing Defaults for ScrnFragPickup
Importing Defaults for ScrnBullpupPickup
Importing Defaults for ScrnBoomStickPickup
Importing Defaults for ScrnHuskGunPickup
Importing Defaults for ScrnAK47Pickup
Importing Defaults for ScrnSinglePickup
Importing Defaults for ScrnM79IncPickup
Importing Defaults for ScrnM79MPickup
Importing Defaults for ScrnM79Pickup
Importing Defaults for ScrnShotgunPickup
Importing Defaults for ScrnM32Pickup
Importing Defaults for ScrnDualiesPickup
Importing Defaults for ScrnFlameThrowerPickup
Importing Defaults for ScrnDualDeaglePickup
Importing Defaults for ScrnAA12Pickup
Importing Defaults for ScrnKatanaPickup
Importing Defaults for ScrnBenelliPickup
Importing Defaults for ScrnKSGPickup
Importing Defaults for ScrnWinchesterPickup
Importing Defaults for ScrnChainsawPickup
Importing Defaults for ScrnSCARMK17Pickup
Importing Defaults for ScrnMachetePickup
Importing Defaults for ScrnSeekerSixPickup
Importing Defaults for ScrnPipeBombPickup
Importing Defaults for ScrnLAWPickup
Importing Defaults for ScrnHRLPickup
Importing Defaults for ScrnAxePickup
Importing Defaults for ScrnCrossbuzzsawPickup
Importing Defaults for ScrnThompsonDrumPickup
Importing Defaults for ScrnThompsonIncPickup
Importing Defaults for ScrnTrenchgunPickup
Importing Defaults for ScrnSPThompsonPickup
Importing Defaults for ScrnClaymoreSwordPickup
Importing Defaults for ScrnSPSniperPickup
Importing Defaults for ScrnScythePickup
Importing Defaults for ScrnM14EBRPickup
Importing Defaults for ScrnM99Pickup
Importing Defaults for ScrnMAC10Pickup
Importing Defaults for ScrnDual44MagnumPickup
Importing Defaults for ScrnDual44MagnumLaserPickup
Importing Defaults for ScrnDualFlareRevolverPickup
Importing Defaults for ScrnFNFAL_ACOG_Pickup
Importing Defaults for ScrnDualMK23Pickup
Importing Defaults for ScrnDualMK23LaserPickup
Importing Defaults for ScrnNailGunPickup
Importing Defaults for ScrnZEDMKIIPickup
Importing Defaults for ScrnSyringePickup
Importing Defaults for ScrnVestPickup
Importing Defaults for ScrnCombatVestPickup
Importing Defaults for ScrnHorzineVestPickup
Importing Defaults for ScrnLightVestPickup
Importing Defaults for ScrnNoVestPickup
Importing Defaults for ScrnHUD
Importing Defaults for ScrnFlareRevolverProjectile
Importing Defaults for ScrnHuskGunProjectile
Importing Defaults for ScrnHuskGunProjectile_Strong
Importing Defaults for ScrnHuskGunProjectile_Alt
Importing Defaults for ScrnHuskGunProjectile_Weak
Importing Defaults for ScrnS6SeekingRocket
Importing Defaults for ScrnS6Rocket
Importing Defaults for ScrnZEDMKIISecondaryProjectile
Importing Defaults for ScrnLAWProj
Importing Defaults for ScrnHRLProj
Importing Defaults for ScrnCrossbuzzsawBlade
Importing Defaults for ScrnM32GrenadeProjectile
Importing Defaults for ScrnM203GrenadeProjectile
Importing Defaults for ScrnM79MGrenadeProjectile
Importing Defaults for ScrnFakedHealingGrenade
Importing Defaults for ScrnM203MGrenadeProjectile
Importing Defaults for ScrnM79GrenadeProjectile
Importing Defaults for ScrnM79IncGrenadeProjectile
Importing Defaults for ScrnHealingProjectile
Importing Defaults for ScrnMP7MHealingProjectile
Importing Defaults for ScrnKrissMHealingProjectile
Importing Defaults for ScrnM7A3MHealingProjectile
Importing Defaults for ScrnMP5MHealingProjectile
Importing Defaults for ScrnFlameNade
Importing Defaults for ScrnNade
Importing Defaults for ScrnM99Bullet
Importing Defaults for ScrnFlameTendril
Importing Defaults for ScrnCustomShotgunBullet
Importing Defaults for ScrnAA12Bullet
Importing Defaults for ScrnBenelliBullet
Importing Defaults for ScrnBoomStickBullet
Importing Defaults for ScrnKSGBullet
Importing Defaults for ScrnNailGunProjectile
Importing Defaults for ScrnShotgunBullet
Importing Defaults for ScrnPipeBombProjectile
Importing Defaults for ScrnTrenchgunBullet
Importing Defaults for TSCTeamBase
Importing Defaults for ScrnNailBodyAttacher
Importing Defaults for ScrnRandomItemSpawn
Importing Defaults for ScrnLaserBeamEffect
Importing Defaults for ScrnFragFire
Importing Defaults for ScrnHuskGunFire
Importing Defaults for ScrnHuskGunAltFire
Importing Defaults for ScrnDualFlareRevolverFire
Importing Defaults for ScrnSeekerSixMultiFire
Importing Defaults for ScrnSeekerSixFire
Importing Defaults for ScrnFlameBurstFire
Importing Defaults for ScrnBoomStickFire
Importing Defaults for ScrnAA12Fire
Importing Defaults for ScrnKSGFire
Importing Defaults for ScrnBenelliFire
Importing Defaults for ScrnM7A3MAltFire
Importing Defaults for ScrnMP5MAltFire
Importing Defaults for ScrnKrissMAltFire
Importing Defaults for ScrnMP7MAltFire
Importing Defaults for ScrnZEDMKIIAltFire
Importing Defaults for ScrnBoomStickAltFire
Importing Defaults for ScrnLAWFire
Importing Defaults for ScrnHRLFire
Importing Defaults for ScrnM79Fire
Importing Defaults for ScrnM79IncFire
Importing Defaults for ScrnM79MFire
Importing Defaults for ScrnM32Fire
Importing Defaults for ScrnNailGunFire
Importing Defaults for ScrnFlareRevolverFire
Importing Defaults for ScrnCrossbuzzsawFire
Importing Defaults for ScrnTrenchgunFire
Importing Defaults for ScrnM203Fire
Importing Defaults for ScrnM203MFire
Importing Defaults for ScrnShotgunFire
Importing Defaults for ScrnM99Fire
Importing Defaults for ScrnPipeBombFire
Importing Defaults for ScrnMAC10Fire
Importing Defaults for ScrnM4Fire
Importing Defaults for ScrnM4203BulletFire
Importing Defaults for ScrnM4203MBulletFire
Importing Defaults for ScrnKrissMFire
Importing Defaults for ScrnMP5MFire
Importing Defaults for ScrnFNFALFire
Importing Defaults for ScrnSPThompsonFire
Importing Defaults for ScrnThompsonDrumFire
Importing Defaults for ScrnThompsonIncFire
Importing Defaults for ScrnMP7MFire
Importing Defaults for ScrnDual44MagnumFire
Importing Defaults for ScrnDualDeagleFire
Importing Defaults for ScrnDualMK23Fire
Importing Defaults for ScrnDualiesFire
Importing Defaults for ScrnMK23Fire
Importing Defaults for ScrnMagnum44Fire
Importing Defaults for ScrnDeagleFire
Importing Defaults for ScrnAK47Fire
Importing Defaults for ScrnWinchesterFire
Importing Defaults for ScrnSCARMK17Fire
Importing Defaults for ScrnBullpupFire
Importing Defaults for ScrnSPSniperFire
Importing Defaults for ScrnM14EBRFire
Importing Defaults for ScrnM7A3MFire
Importing Defaults for ScrnSingleFire
Importing Defaults for ScrnChainsawFire
Importing Defaults for ScrnMacheteFire
Importing Defaults for ScrnKatanaFire
Importing Defaults for ScrnChainsawAltFire
Importing Defaults for ScrnScytheFire
Importing Defaults for ScrnClaymoreSwordFire
Importing Defaults for ScrnAxeFire
Importing Defaults for ScrnMacheteFireB
Importing Defaults for ScrnAxeFireB
Importing Defaults for ScrnSyringeFire
Importing Defaults for ScrnSyringeAltFire
Importing Defaults for ScrnTab_UserSettings
Importing Defaults for ScrnTab_MidGamePerks
... deferring
Importing Defaults for ScrnTab_BuyMenu
... deferring
Importing Defaults for ScrnTab_Profile
Importing Defaults for ScrnKFTab_Perks
... deferring
Importing Defaults for ScrnTab_Achievements
... deferring
Importing Defaults for ScrnGUIBuyWeaponInfoPanel
... deferring
Importing Defaults for ScrnLobbyFooter
Importing Defaults for ScrnLobbyMenu
Importing Defaults for ScrnGuiBuyMenu
... deferring
Importing Defaults for ScrnModelSelect
Importing Defaults for ScrnInvasionLoginMenu
Importing Defaults for ScrnProfilePage
Importing Defaults for ScrnBuyMenuInvListBox
Importing Defaults for ScrnPerkSelectListBox
Importing Defaults for ScrnBuyMenuSaleListBox
Importing Defaults for ScrnAchievementsListBox
Importing Defaults for ScrnKFQuickPerkSelect
Importing Defaults for ScrnGUIWeaponBar
Importing Defaults for ScrnBuyMenuInvList
Importing Defaults for ScrnBuyMenuSaleList
Importing Defaults for ScrnPerkSelectList
Importing Defaults for ScrnAchievementsList
Importing Defaults for ScrnKeyBinding
Importing Defaults for DefaultMonstersCollectionXmas
Importing Defaults for DefaultMonstersCollectionSummer
Importing Defaults for DefaultMonstersCollectionHalloween
Importing Defaults for DefaultMonstersCollection
Importing Defaults for Doom3MonstersCollection
Importing Defaults for ScrnFunctions
Importing Defaults for ScrnTab_MidGamePerks
Importing Defaults for ScrnTab_BuyMenu
... deferring
Importing Defaults for ScrnKFTab_Perks
Importing Defaults for ScrnTab_Achievements
Importing Defaults for ScrnGUIBuyWeaponInfoPanel
Importing Defaults for ScrnGuiBuyMenu
Importing Defaults for ScrnTab_BuyMenu
----------------------------TSC - Release-----------------------------
-----------------------ScrnWeaponPack - Release-----------------------
--------------------------ScrnHMG - Release---------------------------
Loading ScrnBalanceSrv...Weapon exported successfully: ScrnBalanceSrv.ScrnAA12AutoShotgun
Weapon exported successfully: ScrnBalanceSrv.ScrnAK47AssaultRifle
Weapon exported successfully: ScrnBalanceSrv.ScrnAxe
Mutator exported successfully: ScrnBalanceSrv.ScrnBalance
Weapon exported successfully: ScrnBalanceSrv.ScrnBenelliShotgun
Weapon exported successfully: ScrnBalanceSrv.ScrnBoomStick
Weapon exported successfully: ScrnBalanceSrv.ScrnBullpup
Weapon exported successfully: ScrnBalanceSrv.ScrnChainsaw
Weapon exported successfully: ScrnBalanceSrv.ScrnClaymoreSword
Weapon exported successfully: ScrnBalanceSrv.ScrnCrossbuzzsaw
Weapon exported successfully: ScrnBalanceSrv.ScrnDeagle
Weapon exported successfully: ScrnBalanceSrv.ScrnDual44Magnum
Weapon exported successfully: ScrnBalanceSrv.ScrnDual44MagnumLaser
Weapon exported successfully: ScrnBalanceSrv.ScrnDualDeagle
Weapon exported successfully: ScrnBalanceSrv.ScrnDualFlareRevolver
Weapon exported successfully: ScrnBalanceSrv.ScrnDualies
Weapon exported successfully: ScrnBalanceSrv.ScrnDualMK23Laser
Weapon exported successfully: ScrnBalanceSrv.ScrnDualMK23Pistol
Weapon exported successfully: ScrnBalanceSrv.ScrnFlameThrower
Weapon exported successfully: ScrnBalanceSrv.ScrnFlareRevolver
Weapon exported successfully: ScrnBalanceSrv.ScrnFNFAL_ACOG_AssaultRifle
Weapon exported successfully: ScrnBalanceSrv.ScrnFrag
Game exported successfully: ScrnBalanceSrv.ScrnGameType
Weapon exported successfully: ScrnBalanceSrv.ScrnHRL
Weapon exported successfully: ScrnBalanceSrv.ScrnLAW
Weapon exported successfully: ScrnBalanceSrv.ScrnHuskGun
Weapon exported successfully: ScrnBalanceSrv.ScrnKatana
Weapon exported successfully: ScrnBalanceSrv.ScrnKrissMMedicGun
Weapon exported successfully: ScrnBalanceSrv.ScrnKSGShotgun
Weapon exported successfully: ScrnBalanceSrv.ScrnM14EBRBattleRifle
Weapon exported successfully: ScrnBalanceSrv.ScrnM32GrenadeLauncher
Weapon exported successfully: ScrnBalanceSrv.ScrnM4203AssaultRifle
Weapon exported successfully: ScrnBalanceSrv.ScrnM4203MMedicGun
Weapon exported successfully: ScrnBalanceSrv.ScrnM4AssaultRifle
Weapon exported successfully: ScrnBalanceSrv.ScrnM79GrenadeLauncher
Weapon exported successfully: ScrnBalanceSrv.ScrnM79Inc
Weapon exported successfully: ScrnBalanceSrv.ScrnM79M
Weapon exported successfully: ScrnBalanceSrv.ScrnM7A3MMedicGun
Weapon exported successfully: ScrnBalanceSrv.ScrnM99SniperRifle
Weapon exported successfully: ScrnBalanceSrv.ScrnMAC10MP
Weapon exported successfully: ScrnBalanceSrv.ScrnMachete
Weapon exported successfully: ScrnBalanceSrv.ScrnMagnum44Pistol
Weapon exported successfully: ScrnBalanceSrv.ScrnMK23Pistol
Weapon exported successfully: ScrnBalanceSrv.ScrnMP5MMedicGun
Weapon exported successfully: ScrnBalanceSrv.ScrnMP7MMedicGun
Weapon exported successfully: ScrnBalanceSrv.ScrnNailGun
Weapon exported successfully: ScrnBalanceSrv.ScrnPipeBombExplosive
Weapon exported successfully: ScrnBalanceSrv.ScrnSCARMK17AssaultRifle
Weapon exported successfully: ScrnBalanceSrv.ScrnScythe
Weapon exported successfully: ScrnBalanceSrv.ScrnSeekerSixRocketLauncher
Weapon exported successfully: ScrnBalanceSrv.ScrnShotgun
Weapon exported successfully: ScrnBalanceSrv.ScrnSingle
Weapon exported successfully: ScrnBalanceSrv.ScrnSPSniperRifle
Weapon exported successfully: ScrnBalanceSrv.ScrnSPThompsonSMG
Game exported successfully: ScrnBalanceSrv.ScrnStoryGameInfo
Weapon exported successfully: ScrnBalanceSrv.ScrnSyringe
Weapon exported successfully: ScrnBalanceSrv.ScrnThompsonDrum
Weapon exported successfully: ScrnBalanceSrv.ScrnThompsonInc
Weapon exported successfully: ScrnBalanceSrv.ScrnTrenchgun
Weapon exported successfully: ScrnBalanceSrv.ScrnWinchester
Weapon exported successfully: ScrnBalanceSrv.ScrnZEDMKIIWeapon
